// Jest Snapshot v1, https://goo.gl/fbAQLP

exports[`renders correctly 1`] = `
<div
  className="App"
>
  <canvas
    className="particles-bg-canvas-self"
    onMouseDown={[Function]}
    style={
      Object {
        "height": "100%",
        "left": 0,
        "position": "absolute",
        "top": 0,
        "width": "100%",
        "zIndex": -1,
      }
    }
  />
  <nav
    style={
      Object {
        "display": "flex",
        "justifyContent": "flex-end",
      }
    }
  >
    <p
      className="f3 link dim white pa3 pv2 mv1 mr3 pointer"
      onClick={[Function]}
    >
      Log In
    </p>
    <p
      className="f3 link dim white pa3 pv2 mv1 mr3 pointer"
      onClick={[Function]}
    >
      Sign up
    </p>
  </nav>
  <div
    className="login-form mv4 w-100 w-50-m w-25-l mw6"
  >
    <div>
      <h1>
        Login
      </h1>
      <div
        className="content"
      >
        <div
          className="input-field"
        >
          <input
            id="email-address"
            name="email-address"
            onChange={[Function]}
            placeholder="Email"
            type="email"
          />
        </div>
        <div
          className="input-field"
        >
          <input
            id="password"
            name="password"
            onChange={[Function]}
            placeholder="Password"
            type="password"
          />
        </div>
      </div>
      <div
        className="action"
      >
        <button
          onClick={[Function]}
        >
          Log in
        </button>
        <button
          onClick={[Function]}
        >
          Sign up
        </button>
      </div>
    </div>
  </div>
</div>
`;
