// Jest Snapshot v1, https://goo.gl/fbAQLP

exports[`ImageLinkForm renders without crashing 1`] = `ShallowWrapper {}`;
